mxs_nand.c:432:12:mxs_nand_device_ready	0	static
mxs_nand.c:449:13:mxs_nand_select_chip	0	static
mxs_nand.c:917:12:mxs_nand_hook_read_oob	24	static
mxs_nand.c:942:12:mxs_nand_hook_write_oob	24	static
mxs_nand.c:967:12:mxs_nand_hook_block_markbad	8	static
mxs_nand.c:1106:12:mxs_nand_block_bad	0	static
mxs_nand.c:1061:12:mxs_nand_ecc_write_oob	24	static
mxs_nand.c:109:29:mxs_nand_get_dma_desc	8	static
mxs_nand.c:124:13:mxs_nand_return_dma_descs	16	static
mxs_nand.c:90:13:mxs_nand_inval_data_buf	0	static
mxs_nand.c:499:13:mxs_nand_read_buf	24	static
mxs_nand.c:636:16:mxs_nand_read_byte	16	static
mxs_nand.c:353:13:mxs_nand_cmd_ctrl	16	static
mxs_nand.c:1026:12:mxs_nand_ecc_read_oob	24	static
mxs_nand.c:1125:12:mxs_nand_scan_bbt	56	static
mxs_nand.c:464:13:mxs_nand_swap_block_mark	40	static
mxs_nand.c:685:12:mxs_nand_ecc_read_page	72	static
mxs_nand.c:582:13:mxs_nand_write_buf	16	static
mxs_nand.c:850:12:mxs_nand_ecc_write_page	24	static
mxs_nand.c:1198:5:mxs_nand_alloc_buffers	16	static
mxs_nand.c:1233:5:mxs_nand_init	24	static
mxs_nand.c:1309:5:board_nand_init	24	static
