bootstage.h:344:19:bootstage_relocate	0	static
board_r.c:112:12:initr_trace	0	static
board_r.c:121:12:initr_reloc	0	static
board_r.c:147:12:initr_reloc_global_data	0	static
board_r.c:279:12:initr_barrier	0	static
board_r.c:303:12:initr_console_record	0	static
board_r.c:350:12:power_init_board	0	static
board_r.c:355:12:initr_announce	0	static
board_r.c:755:12:run_main_loop	8	static
board_r.c:652:12:initr_net	8	static
board_r.c:566:12:initr_ethaddr	8	static
board_r.c:558:12:initr_enable_interrupts	8	static
board_r.c:541:12:initr_jumptable	8	static
board_r.c:495:12:initr_env	8	static
board_r.c:456:12:initr_mmc	8	static
board_r.c:437:12:initr_nand	8	static
board_r.c:191:12:initr_serial	8	static
board_r.c:342:12:initr_bootstage	8	static
board_r.c:321:12:initr_dm	0	static
board_r.c:288:12:initr_malloc	8	static
board_r.c:134:12:initr_caches	8	static
board_r.c:84:12:board_flash_wp_on	0	static
board_r.c:94:13:cpu_secondary_init_r	0	static
board_r.c:98:12:initr_secondary_cpu	8	static
board_r.c:142:12:fixup_cpu	0	static
board_r.c:997:6:board_init_r	8	static
