mx6ullevk.c:191:6:iox74lv_set	32	static
mx6ullevk.c:249:5:power_init_board	0	static
mx6ullevk.c:330:5:dram_init	8	static
mx6ullevk.c:451:5:board_mmc_get_env_dev	0	static
mx6ullevk.c:459:5:mmc_map_to_kernel_blk	0	static
mx6ullevk.c:467:5:board_mmc_getcd	8	static
mx6ullevk.c:499:5:board_mmc_init	8	static
mx6ullevk.c:575:5:board_usb_phy_mode	0	static
mx6ullevk.c:583:5:board_ehci_hcd_init	0	static
mx6ullevk.c:691:5:board_eth_init	8	static
mx6ullevk.c:729:5:board_phy_config	24	static
mx6ullevk.c:939:5:board_early_init_f	8	static
mx6ullevk.c:955:6:select_display_dev	8	static
mx6ullevk.c:1104:5:ft_board_setup	32	static
mx6ullevk.c:1132:5:imx6_light_up_led1	8	static
mx6ullevk.c:1137:5:imx6_light_up_led2	8	static
mx6ullevk.c:1142:5:board_init	24	static
mx6ullevk.c:1186:5:board_late_init	8	static
mx6ullevk.c:1212:5:checkboard	8	static
